SQL> select employee_id,last_name,salary from employees where (select salary>avg(salary)) from employees;
select employee_id,last_name,salary from employees where (select salary>avg(salary)) from employees
                                                                       *
ERROR at line 1:
ORA-00936: missing expression 


SQL> select employee_id,last_name,salary from employees where (select salary>avg(salary) salary) from employees;
select employee_id,last_name,salary from employees where (select salary>avg(salary) salary) from employees
                                                                       *
ERROR at line 1:
ORA-00936: missing expression 


SQL> select employee_id,last_name,salary from employees where (select salary from employees having salary>avg(salary) ;
select employee_id,last_name,salary from employees where (select salary from employees having salary>avg(salary) 
                                                          *
ERROR at line 1:
ORA-00936: missing expression 


SQL> select employee_id,last_name,salary from employees where (select salary from employees having salary>avg(salary)) ;
select employee_id,last_name,salary from employees where (select salary from employees having salary>avg(salary)) 
                                                                                                                 *
ERROR at line 1:
ORA-00936: missing expression 


SQL> select employee_id,last_name,salary from employees where (select salary from employees where having salary>avg(salary)) ;
select employee_id,last_name,salary from employees where (select salary from employees where having salary>avg(salary)) 
                                                                                             *
ERROR at line 1:
ORA-00936: missing expression 


SQL> select employee_id,last_name,salary from employees where (select salary from employees where HAVING salary>avg(salary)) ;
select employee_id,last_name,salary from employees where (select salary from employees where HAVING salary>avg(salary)) 
                                                                                             *
ERROR at line 1:
ORA-00936: missing expression 


SQL> select employee_id,last_name,salary from employees where (select avg(salary) from employees);
select employee_id,last_name,salary from employees where (select avg(salary) from employees)
                                                                                           *
ERROR at line 1:
ORA-00936: missing expression 


SQL> 
SQL> select employee_id,last_name,salary from employees where salary>(select avg(salary) from employees);

EMPLOYEE_ID LAST_NAME                     SALARY                                
----------- ------------------------- ----------                                
        100 King                           24000                                
        101 Kochhar                        17000                                
        102 De Haan                        17000                                
        103 Hunold                          9000                                
        108 Greenberg                      12008                                
        109 Faviet                          9000                                
        110 Chen                            8200                                
        111 Sciarra                         7700                                
        112 Urman                           7800                                
        113 Popp                            6900                                
        114 Raphaely                       11000                                

EMPLOYEE_ID LAST_NAME                     SALARY                                
----------- ------------------------- ----------                                
        120 Weiss                           8000                                
        121 Fripp                           8200                                
        122 Kaufling                        7900                                
        123 Vollman                         6500                                
        145 Russell                        14000                                
        146 Partners                       13500                                
        147 Errazuriz                      12000                                
        148 Cambrault                      11000                                
        149 Zlotkey                        10500                                
        150 Tucker                         10000                                
        151 Bernstein                       9500                                

EMPLOYEE_ID LAST_NAME                     SALARY                                
----------- ------------------------- ----------                                
        152 Hall                            9000                                
        153 Olsen                           8000                                
        154 Cambrault                       7500                                
        155 Tuvault                         7000                                
        156 King                           10000                                
        157 Sully                           9500                                
        158 McEwen                          9000                                
        159 Smith                           8000                                
        160 Doran                           7500                                
        161 Sewall                          7000                                
        162 Vishney                        10500                                

EMPLOYEE_ID LAST_NAME                     SALARY                                
----------- ------------------------- ----------                                
        163 Greene                          9500                                
        164 Marvins                         7200                                
        165 Lee                             6800                                
        168 Ozer                           11500                                
        169 Bloom                          10000                                
        170 Fox                             9600                                
        171 Smith                           7400                                
        172 Bates                           7300                                
        174 Abel                           11000                                
        175 Hutton                          8800                                
        176 Taylor                          8600                                

EMPLOYEE_ID LAST_NAME                     SALARY                                
----------- ------------------------- ----------                                
        177 Livingston                      8400                                
        178 Grant                           7000                                
        201 Hartstein                      13000                                
        203 Mavris                          6500                                
        204 Baer                           10000                                
        205 Higgins                        12008                                
        206 Gietz                           8300                                

51 rows selected.

SQL> select employee_id,last_name from employees where (select last_name like '%u%' from employees);
select employee_id,last_name from employees where (select last_name like '%u%' from employees)
                                                                    *
ERROR at line 1:
ORA-00936: missing expression 


SQL> select employee_id,last_name from employees where (select last_name from employees where last_name like '%u%');
select employee_id,last_name from employees where (select last_name from employees where last_name like '%u%')
                                                                                                             *
ERROR at line 1:
ORA-00936: missing expression 


SQL> select employee_id,last_name from employees where department_id in (select department_id from employees where last_name like '%u%');

EMPLOYEE_ID LAST_NAME                                                           
----------- -------------------------                                           
        107 Lorentz                                                             
        106 Pataballa                                                           
        105 Austin                                                              
        104 Ernst                                                               
        103 Hunold                                                              
        199 Grant                                                               
        198 OConnell                                                            
        197 Feeney                                                              
        196 Walsh                                                               
        195 Jones                                                               
        194 McCain                                                              

EMPLOYEE_ID LAST_NAME                                                           
----------- -------------------------                                           
        193 Everett                                                             
        192 Bell                                                                
        191 Perkins                                                             
        190 Gates                                                               
        189 Dilly                                                               
        188 Chung                                                               
        187 Cabrio                                                              
        186 Dellinger                                                           
        185 Bull                                                                
        184 Sarchand                                                            
        183 Geoni                                                               

EMPLOYEE_ID LAST_NAME                                                           
----------- -------------------------                                           
        182 Sullivan                                                            
        181 Fleaur                                                              
        180 Taylor                                                              
        144 Vargas                                                              
        143 Matos                                                               
        142 Davies                                                              
        141 Rajs                                                                
        140 Patel                                                               
        139 Seo                                                                 
        138 Stiles                                                              
        137 Ladwig                                                              

EMPLOYEE_ID LAST_NAME                                                           
----------- -------------------------                                           
        136 Philtanker                                                          
        135 Gee                                                                 
        134 Rogers                                                              
        133 Mallin                                                              
        132 Olson                                                               
        131 Marlow                                                              
        130 Atkinson                                                            
        129 Bissot                                                              
        128 Markle                                                              
        127 Landry                                                              
        126 Mikkilineni                                                         

EMPLOYEE_ID LAST_NAME                                                           
----------- -------------------------                                           
        125 Nayer                                                               
        124 Mourgos                                                             
        123 Vollman                                                             
        122 Kaufling                                                            
        121 Fripp                                                               
        120 Weiss                                                               
        179 Johnson                                                             
        177 Livingston                                                          
        176 Taylor                                                              
        175 Hutton                                                              
        174 Abel                                                                

EMPLOYEE_ID LAST_NAME                                                           
----------- -------------------------                                           
        173 Kumar                                                               
        172 Bates                                                               
        171 Smith                                                               
        170 Fox                                                                 
        169 Bloom                                                               
        168 Ozer                                                                
        167 Banda                                                               
        166 Ande                                                                
        165 Lee                                                                 
        164 Marvins                                                             
        163 Greene                                                              

EMPLOYEE_ID LAST_NAME                                                           
----------- -------------------------                                           
        162 Vishney                                                             
        161 Sewall                                                              
        160 Doran                                                               
        159 Smith                                                               
        158 McEwen                                                              
        157 Sully                                                               
        156 King                                                                
        155 Tuvault                                                             
        154 Cambrault                                                           
        153 Olsen                                                               
        152 Hall                                                                

EMPLOYEE_ID LAST_NAME                                                           
----------- -------------------------                                           
        151 Bernstein                                                           
        150 Tucker                                                              
        149 Zlotkey                                                             
        148 Cambrault                                                           
        147 Errazuriz                                                           
        146 Partners                                                            
        145 Russell                                                             
        119 Colmenares                                                          
        118 Himuro                                                              
        117 Tobias                                                              
        116 Baida                                                               

EMPLOYEE_ID LAST_NAME                                                           
----------- -------------------------                                           
        115 Khoo                                                                
        114 Raphaely                                                            

90 rows selected.

SQL> select last_name,department_id,job_id from employees where job_id in(select job_id from employees where loction_id=1700);l
  2  
SQL> select last_name,department_id,job_id from employees where job_id in(select job_id from employees where loction_id=1700);
select last_name,department_id,job_id from employees where job_id in(select job_id from employees where loction_id=1700)
                                                                                                        *
ERROR at line 1:
ORA-00904: "LOCTION_ID": invalid identifier 


SQL> select last_name,department_id,job_id from employees where job_id in(select job_id from departments where loction_id=1700);
select last_name,department_id,job_id from employees where job_id in(select job_id from departments where loction_id=1700)
                                                                                                          *
ERROR at line 1:
ORA-00904: "LOCTION_ID": invalid identifier 


SQL> select last_name,department_id,job_id from employees where job_id in(select job_id from departments where location_id=1700);

LAST_NAME                 DEPARTMENT_ID JOB_ID                                  
------------------------- ------------- ----------                              
King                                 90 AD_PRES                                 
Kochhar                              90 AD_VP                                   
De Haan                              90 AD_VP                                   
Hunold                               60 IT_PROG                                 
Ernst                                60 IT_PROG                                 
Austin                               60 IT_PROG                                 
Pataballa                            60 IT_PROG                                 
Lorentz                              60 IT_PROG                                 
Greenberg                           100 FI_MGR                                  
Faviet                              100 FI_ACCOUNT                              
Chen                                100 FI_ACCOUNT                              

LAST_NAME                 DEPARTMENT_ID JOB_ID                                  
------------------------- ------------- ----------                              
Sciarra                             100 FI_ACCOUNT                              
Urman                               100 FI_ACCOUNT                              
Popp                                100 FI_ACCOUNT                              
Raphaely                             30 PU_MAN                                  
Khoo                                 30 PU_CLERK                                
Baida                                30 PU_CLERK                                
Tobias                               30 PU_CLERK                                
Himuro                               30 PU_CLERK                                
Colmenares                           30 PU_CLERK                                
Weiss                                50 ST_MAN                                  
Fripp                                50 ST_MAN                                  

LAST_NAME                 DEPARTMENT_ID JOB_ID                                  
------------------------- ------------- ----------                              
Kaufling                             50 ST_MAN                                  
Vollman                              50 ST_MAN                                  
Mourgos                              50 ST_MAN                                  
Nayer                                50 ST_CLERK                                
Mikkilineni                          50 ST_CLERK                                
Landry                               50 ST_CLERK                                
Markle                               50 ST_CLERK                                
Bissot                               50 ST_CLERK                                
Atkinson                             50 ST_CLERK                                
Marlow                               50 ST_CLERK                                
Olson                                50 ST_CLERK                                

LAST_NAME                 DEPARTMENT_ID JOB_ID                                  
------------------------- ------------- ----------                              
Mallin                               50 ST_CLERK                                
Rogers                               50 ST_CLERK                                
Gee                                  50 ST_CLERK                                
Philtanker                           50 ST_CLERK                                
Ladwig                               50 ST_CLERK                                
Stiles                               50 ST_CLERK                                
Seo                                  50 ST_CLERK                                
Patel                                50 ST_CLERK                                
Rajs                                 50 ST_CLERK                                
Davies                               50 ST_CLERK                                
Matos                                50 ST_CLERK                                

LAST_NAME                 DEPARTMENT_ID JOB_ID                                  
------------------------- ------------- ----------                              
Vargas                               50 ST_CLERK                                
Russell                              80 SA_MAN                                  
Partners                             80 SA_MAN                                  
Errazuriz                            80 SA_MAN                                  
Cambrault                            80 SA_MAN                                  
Zlotkey                              80 SA_MAN                                  
Tucker                               80 SA_REP                                  
Bernstein                            80 SA_REP                                  
Hall                                 80 SA_REP                                  
Olsen                                80 SA_REP                                  
Cambrault                            80 SA_REP                                  

LAST_NAME                 DEPARTMENT_ID JOB_ID                                  
------------------------- ------------- ----------                              
Tuvault                              80 SA_REP                                  
King                                 80 SA_REP                                  
Sully                                80 SA_REP                                  
McEwen                               80 SA_REP                                  
Smith                                80 SA_REP                                  
Doran                                80 SA_REP                                  
Sewall                               80 SA_REP                                  
Vishney                              80 SA_REP                                  
Greene                               80 SA_REP                                  
Marvins                              80 SA_REP                                  
Lee                                  80 SA_REP                                  

LAST_NAME                 DEPARTMENT_ID JOB_ID                                  
------------------------- ------------- ----------                              
Ande                                 80 SA_REP                                  
Banda                                80 SA_REP                                  
Ozer                                 80 SA_REP                                  
Bloom                                80 SA_REP                                  
Fox                                  80 SA_REP                                  
Smith                                80 SA_REP                                  
Bates                                80 SA_REP                                  
Kumar                                80 SA_REP                                  
Abel                                 80 SA_REP                                  
Hutton                               80 SA_REP                                  
Taylor                               80 SA_REP                                  

LAST_NAME                 DEPARTMENT_ID JOB_ID                                  
------------------------- ------------- ----------                              
Livingston                           80 SA_REP                                  
Grant                                   SA_REP                                  
Johnson                              80 SA_REP                                  
Taylor                               50 SH_CLERK                                
Fleaur                               50 SH_CLERK                                
Sullivan                             50 SH_CLERK                                
Geoni                                50 SH_CLERK                                
Sarchand                             50 SH_CLERK                                
Bull                                 50 SH_CLERK                                
Dellinger                            50 SH_CLERK                                
Cabrio                               50 SH_CLERK                                

LAST_NAME                 DEPARTMENT_ID JOB_ID                                  
------------------------- ------------- ----------                              
Chung                                50 SH_CLERK                                
Dilly                                50 SH_CLERK                                
Gates                                50 SH_CLERK                                
Perkins                              50 SH_CLERK                                
Bell                                 50 SH_CLERK                                
Everett                              50 SH_CLERK                                
McCain                               50 SH_CLERK                                
Jones                                50 SH_CLERK                                
Walsh                                50 SH_CLERK                                
Feeney                               50 SH_CLERK                                
OConnell                             50 SH_CLERK                                

LAST_NAME                 DEPARTMENT_ID JOB_ID                                  
------------------------- ------------- ----------                              
Grant                                50 SH_CLERK                                
Whalen                               10 AD_ASST                                 
Hartstein                            20 MK_MAN                                  
Fay                                  20 MK_REP                                  
Mavris                               40 HR_REP                                  
Baer                                 70 PR_REP                                  
Higgins                             110 AC_MGR                                  
Gietz                               110 AC_ACCOUNT                              

107 rows selected.

SQL> select last_name,department_id,job_id from employees where location_id='&location_id', job_id in(select job_id from departments where loction_id=1700);
Enter value for location_id: 1700
old   1: select last_name,department_id,job_id from employees where location_id='&location_id', job_id in(select job_id from departments where loction_id=1700)
new   1: select last_name,department_id,job_id from employees where location_id='1700', job_id in(select job_id from departments where loction_id=1700)
select last_name,department_id,job_id from employees where location_id='1700', job_id in(select job_id from departments where loction_id=1700)
                                                                             *
ERROR at line 1:
ORA-00933: SQL command not properly ended 


SQL> select last_name,department_id,job_id from employees where location_id='&location_id', job_id in(select job_id from departments);
Enter value for location_id: 1700
old   1: select last_name,department_id,job_id from employees where location_id='&location_id', job_id in(select job_id from departments)
new   1: select last_name,department_id,job_id from employees where location_id='1700', job_id in(select job_id from departments)
select last_name,department_id,job_id from employees where location_id='1700', job_id in(select job_id from departments)
                                                                             *
ERROR at line 1:
ORA-00933: SQL command not properly ended 


SQL> select last_name,department_id,job_id from employees where location_id='&location_id' and job_id in(select job_id from departments);
Enter value for location_id: 1700
old   1: select last_name,department_id,job_id from employees where location_id='&location_id' and job_id in(select job_id from departments)
new   1: select last_name,department_id,job_id from employees where location_id='1700' and job_id in(select job_id from departments)
select last_name,department_id,job_id from employees where location_id='1700' and job_id in(select job_id from departments)
                                                           *
ERROR at line 1:
ORA-00904: "LOCATION_ID": invalid identifier 


SQL> select last_name,department_id,job_id from employees where department_id in (select department_id from departments where location_id =&Location);
Enter value for location: 1700
old   1: select last_name,department_id,job_id from employees where department_id in (select department_id from departments where location_id =&Location)
new   1: select last_name,department_id,job_id from employees where department_id in (select department_id from departments where location_id =1700)

LAST_NAME                 DEPARTMENT_ID JOB_ID                                  
------------------------- ------------- ----------                              
King                                 90 AD_PRES                                 
Kochhar                              90 AD_VP                                   
De Haan                              90 AD_VP                                   
Greenberg                           100 FI_MGR                                  
Faviet                              100 FI_ACCOUNT                              
Chen                                100 FI_ACCOUNT                              
Sciarra                             100 FI_ACCOUNT                              
Urman                               100 FI_ACCOUNT                              
Popp                                100 FI_ACCOUNT                              
Raphaely                             30 PU_MAN                                  
Khoo                                 30 PU_CLERK                                

LAST_NAME                 DEPARTMENT_ID JOB_ID                                  
------------------------- ------------- ----------                              
Baida                                30 PU_CLERK                                
Tobias                               30 PU_CLERK                                
Himuro                               30 PU_CLERK                                
Colmenares                           30 PU_CLERK                                
Whalen                               10 AD_ASST                                 
Higgins                             110 AC_MGR                                  
Gietz                               110 AC_ACCOUNT                              

18 rows selected.

SQL> select last_name, salary
  2  from employees
  3  where manager_id in (select employee_id from employees where last_name='King');

LAST_NAME                     SALARY                                            
------------------------- ----------                                            
Kochhar                        17000                                            
De Haan                        17000                                            
Raphaely                       11000                                            
Weiss                           8000                                            
Fripp                           8200                                            
Kaufling                        7900                                            
Vollman                         6500                                            
Mourgos                         5800                                            
Russell                        14000                                            
Partners                       13500                                            
Errazuriz                      12000                                            

LAST_NAME                     SALARY                                            
------------------------- ----------                                            
Cambrault                      11000                                            
Zlotkey                        10500                                            
Hartstein                      13000                                            

14 rows selected.

SQL> desc departments;
 Name                                      Null?    Type
 ----------------------------------------- -------- ----------------------------
 DEPARTMENT_ID                             NOT NULL NUMBER(4)
 DEPARTMENT_NAME                           NOT NULL VARCHAR2(30)
 MANAGER_ID                                         NUMBER(6)
 LOCATION_ID                                        NUMBER(4)

SQL> spool off;
